<ul>
<li><strong>Author:</strong> Carlos Alberto</li>
<li><strong>Version:</strong> 1.0.0</li>
</ul>