<h2 id="instantiations">Instantiations</h2><ul>
<li>test_entity_name_dut: test_entity_name</li>
</ul><div id="descriptions"><p><strong>Description</strong><br />
 Description <strong>sample</strong> 9</p></div>