<h2 id="generics">Generics</h2>
<table>
<thead>
<tr>
<th id="generic_name">Generic name</th>
<th id="type">Type</th>
<th id="value">Value</th>
<th id="description">Description</th>
</tr>
</thead>
<tbody>
<tr>
<td>generic_0</td>
<td>integer</td>
<td>8</td>
<td>Description <strong>sample</strong> 2</td>
</tr>
<tr>
<td>generic_1</td>
<td>std_logic</td>
<td>8</td>
<td>Description <strong>sample</strong> 3</td>
</tr>
</tbody>
</table>
<h2 id="ports">Ports</h2>
<table>
<thead>
<tr>
<th id="port_name">Port name</th>
<th id="direction">Direction</th>
<th id="type">Type</th>
<th id="description">Description</th>
</tr>
</thead>
<tbody>
<tr>
<td>input_0</td>
<td>input</td>
<td>std_logic_vector(1 downto 0)</td>
<td>Description <strong>sample</strong></td>
</tr>
<tr>
<td>output_0</td>
<td>output</td>
<td>std_logic_vector(22 downto 0)</td>
<td>Description <strong>sample</strong> 1</td>
</tr>
</tbody>
</table>