[{"name":"/home/carlos/repo/colibri2/tests/project_manager/dependency/helpers/serv_alu.v","library":""},{"name":"/home/carlos/repo/colibri2/tests/project_manager/dependency/helpers/serv_top.v","library":""},{"name":"/home/carlos/repo/colibri2/tests/project_manager/dependency/helpers/serv_rf_top.v","library":""},{"name":"/home/carlos/repo/colibri2/tests/project_manager/dependency/helpers/cordic_top_pkg.vhd","library":""},{"name":"/home/carlos/repo/colibri2/tests/project_manager/dependency/helpers/cordic_sincos_engine.vhd","library":"random_lib"},{"name":"/home/carlos/repo/colibri2/tests/project_manager/dependency/helpers/cordic_engines_pkg.vhd","library":""},{"name":"/home/carlos/repo/colibri2/tests/project_manager/dependency/helpers/cordic_top.vhd","library":""},{"name":"/home/carlos/repo/colibri2/tests/project_manager/dependency/helpers/cordic_arctg_mag_engine.vhd","library":""}]