[{"filename":"/home/carlos/repo/colibri2/tests/project_manager/dependency/helpers/cordic_arctg_mag_engine.vhd","entity":"cordic_arctg_mag_engine","dependencies":[]},{"filename":"/home/carlos/repo/colibri2/tests/project_manager/dependency/helpers/cordic_engines_pkg.vhd","entity":"cordic_engines_pkg","dependencies":[]},{"filename":"/home/carlos/repo/colibri2/tests/project_manager/dependency/helpers/cordic_sincos_engine.vhd","entity":"cordic_sincos_engine","dependencies":[]},{"filename":"/home/carlos/repo/colibri2/tests/project_manager/dependency/helpers/cordic_top_pkg.vhd","entity":"cordic_top_pkg","dependencies":[]},{"filename":"/home/carlos/repo/colibri2/tests/project_manager/dependency/helpers/cordic_top.vhd","entity":"cordic_top","dependencies":["/home/carlos/repo/colibri2/tests/project_manager/dependency/helpers/cordic_engines_pkg.vhd","/home/carlos/repo/colibri2/tests/project_manager/dependency/helpers/cordic_arctg_mag_engine.vhd"]},{"filename":"/home/carlos/repo/colibri2/tests/project_manager/dependency/helpers/serv_alu.v","entity":"serv_alu","dependencies":[]},{"filename":"/home/carlos/repo/colibri2/tests/project_manager/dependency/helpers/serv_rf_top.v","entity":"serv_rf_top","dependencies":["/home/carlos/repo/colibri2/tests/project_manager/dependency/helpers/serv_top.v"]},{"filename":"/home/carlos/repo/colibri2/tests/project_manager/dependency/helpers/serv_top.v","entity":"serv_top","dependencies":["/home/carlos/repo/colibri2/tests/project_manager/dependency/helpers/serv_alu.v"]}]