<h2 id="functions">Functions</h2><ul>
<li>sum <font id="function_arguments">(input [7:0] a,<br><span style="padding-left:20px"> b;<br><span style="padding-left:20px">)</font> <font id="function_return">return ([7:0])</font></li>
</ul><div id="descriptions"><p><strong>Description</strong><br />
 Description <strong>sample</strong> 8</p></div>