<h2 id="processes">Processes</h2><ul>
<li>label_0: ( @(posedge a) )</li>
</ul><div id="descriptions"><p><strong>Type:</strong> always</p></div><div id="descriptions"><p><strong>Description</strong><br />
 Description <strong>sample</strong> 5</p></div>