<h2 id="signals">Signals</h2>
<table>
<thead>
<tr>
<th id="name">Name</th>
<th id="type">Type</th>
<th id="description">Description</th>
</tr>
</thead>
<tbody>
<tr>
<td>m</td>
<td>integer</td>
<td>Description <strong>sample</strong> 4</td>
</tr>
</tbody>
</table>
<h2 id="constants">Constants</h2>
<table>
<thead>
<tr>
<th id="name">Name</th>
<th id="type">Type</th>
<th id="value">Value</th>
<th id="description">Description</th>
</tr>
</thead>
<tbody>
<tr>
<td>r</td>
<td>integer</td>
<td>2</td>
<td>Description <strong>sample</strong> 6</td>
</tr>
</tbody>
</table>
<h2 id="types">Types</h2>
<table>
<thead>
<tr>
<th id="name">Name</th>
<th id="type">Type</th>
<th id="description">Description</th>
</tr>
</thead>
<tbody>
<tr>
<td>state_0</td>
<td>(INIT,<br><span style="padding-left:20px"> END)</td>
<td>Description <strong>sample</strong> 7</td>
</tr>
</tbody>
</table>