
<p>This is <br />
a end<br />
<strong>section</strong></p>
