
<p>This is <br />
<strong>a begin</strong><br />
section</p>
