<ul>
<li><strong>File</strong>: sample.vhd</li>
</ul>