<h1 id="entity-entityexample">Entity: EntityExample</h1>