<!DOCTYPE html>
<html>

<head>
    <meta charset="UTF-8">
    <title>TerosHDL Report</title>
    <style>
        body {
            font-family: Arial, "Helvetica Neue", Helvetica, sans-serif;
            font-size: 16px;
            font-weight: normal;
            margin: 0;
            padding: 0;
            color: #333
        }

        #overview {
            padding: 20px 30px
        }

        td,
        th {
            padding: 5px 10px
        }

        h1 {
            margin: 0
        }

        table {
            margin: 30px;
            width: calc(100% - 60px);
            max-width: 1000px;
            border-radius: 5px;
            border: 1px solid #ddd;
            border-spacing: 0px;
        }

        th {
            font-weight: 400;
            font-size: medium;
            text-align: left;
            cursor: pointer
        }

        td.clr-1,
        td.clr-2,
        th span {
            font-weight: 700
        }

        th span {
            float: right;
            margin-left: 20px
        }

        th span:after {
            content: "";
            clear: both;
            display: block
        }

        tr:last-child td {
            border-bottom: none
        }

        tr td:first-child,
        tr td:last-child {
            color: #9da0a4
        }

        #overview.bg-0,
        tr.bg-0 th {
            color: #468847;
            background: #dff0d8;
            border-bottom: 1px solid #d6e9c6
        }

        #overview.bg-1,
        tr.bg-1 th {
            color: #f0ad4e;
            background: #fcf8e3;
            border-bottom: 1px solid #fbeed5
        }

        #overview.bg-2,
        tr.bg-2 th {
            color: #b94a48;
            background: #f2dede;
            border-bottom: 1px solid #eed3d7
        }

        td {
            border-bottom: 1px solid #ddd
        }

        td.clr-1 {
            color: #f0ad4e
        }

        td.clr-2 {
            color: #b94a48
        }

        td a {
            color: #3a33d1;
            text-decoration: none
        }

        td a:hover {
            color: #272296;
            text-decoration: underline
        }
    </style>
</head>

<body>
    <div id="overview" class="bg-2">
        <h1>GHDL Report</h1>
        <div>
            <span>11 problems (11 errors, 0 warnings)</span> - Generated on Mon Sep 05 2022 18:39:03 GMT+0200 (Central
            European Summer Time)
        </div>
    </div>
    <table>
        <tbody>
            <tr class="bg-2" data-group="f-0">
                <th colspan="4">
                    [+] /home/carlos/repo/colibri2/tests/command/linter/helpers/sample_0.vhd
                    <span>6 problems (6 errors, 0 warnings)</span>
                </th>
            </tr>
            <tr style="display:none" class="f-0">
                <td>13:18</td>
                <td class="clr-2">Error</td>
                <td>&#39;:&#39; is expected instead of &#39;;&#39;</td>
                <td>
                    ':' is expected instead of ';'
                </td>
            </tr>

            <tr style="display:none" class="f-0">
                <td>13:18</td>
                <td class="clr-2">Error</td>
                <td>type mark expected in a subtype indication</td>
                <td>
                    type mark expected in a subtype indication
                </td>
            </tr>

            <tr style="display:none" class="f-0">
                <td>18:0</td>
                <td class="clr-2">Error</td>
                <td>&#39;&#60;=&#39; is expected instead of &#39;end&#39;</td>
                <td>
                    '<=' is expected instead of 'end' </td>
            </tr>

            <tr style="display:none" class="f-0">
                <td>18:0</td>
                <td class="clr-2">Error</td>
                <td>primary expression expected</td>
                <td>
                    primary expression expected
                </td>
            </tr>

            <tr style="display:none" class="f-0">
                <td>16:19</td>
                <td class="clr-2">Error</td>
                <td>&#39;;&#39; expected at end of signal assignment</td>
                <td>
                    ';' expected at end of signal assignment
                </td>
            </tr>

            <tr style="display:none" class="f-0">
                <td>16:19</td>
                <td class="clr-2">Error</td>
                <td>(found: &#39;end&#39;)</td>
                <td>
                    (found: 'end')
                </td>
            </tr>

            <tr class="bg-2" data-group="f-1">
                <th colspan="4">
                    [+] /home/carlos/repo/colibri2/tests/command/linter/helpers/sample_1.vhd
                    <span>5 problems (5 errors, 0 warnings)</span>
                </th>
            </tr>
            <tr style="display:none" class="f-1">
                <td>23:18</td>
                <td class="clr-2">Error</td>
                <td>no declaration for &#34;sstd_logic&#34;</td>
                <td>
                    no declaration for "sstd_logic"
                </td>
            </tr>

            <tr style="display:none" class="f-1">
                <td>33:44</td>
                <td class="clr-2">Error</td>
                <td>no declaration for &#34;insput2&#34;</td>
                <td>
                    no declaration for "insput2"
                </td>
            </tr>

            <tr style="display:none" class="f-1">
                <td>34:32</td>
                <td class="clr-2">Error</td>
                <td>can&#39;t associate &#39;wire&#39; with signal interface &#34;x&#34;</td>
                <td>
                    can't associate 'wire' with signal interface "x"
                </td>
            </tr>

            <tr style="display:none" class="f-1">
                <td>34:32</td>
                <td class="clr-2">Error</td>
                <td>(type of &#39;wire&#39; is std_logic)</td>
                <td>
                    (type of 'wire' is std_logic)
                </td>
            </tr>

            <tr style="display:none" class="f-1">
                <td>23:12</td>
                <td class="clr-2">Error</td>
                <td>(type of signal interface &#34;x&#34; is an erroneous type)</td>
                <td>
                    (type of signal interface "x" is an erroneous type)
                </td>
            </tr>

        </tbody>
    </table>
    <script type="text/javascript">
        var groups = document.querySelectorAll("tr[data-group]");
        for (i = 0; i < groups.length; i++) {
            groups[i].addEventListener("click", function () {
                var inGroup = document.getElementsByClassName(this.getAttribute("data-group"));
                this.innerHTML = (this.innerHTML.indexOf("+") > -1) ? this.innerHTML.replace("+", "-") : this.innerHTML.replace("-", "+");
                for (var j = 0; j < inGroup.length; j++) {
                    inGroup[j].style.display = (inGroup[j].style.display !== "none") ? "none" : "table-row";
                }
            });
        }
    </script>
</body>

</html>